// Jest Snapshot v1, https://goo.gl/fbAQLP

exports[`SideBar page should render correctly 1`] = `
{
  "asFragment": [Function],
  "baseElement": <body>
    <div>
      <nav
        class="sidebar"
      >
        <div
          class="sidebar-header"
        />
        <ul
          class="sidebar-list"
        >
          <li
            class="sidebar-item"
          >
            <a
              class="link"
              href="/main"
            >
              AUTOMOBILES
            </a>
          </li>
          <li
            class="sidebar-item"
          >
            <a
              class="link"
              href="/add_automobile"
            >
              ADD AUTOMOBILE
            </a>
          </li>
          <li
            class="sidebar-item"
          >
            <a
              class="link"
              href="/automobiles/delete"
            >
              DELETE AUTOMOBILE
            </a>
          </li>
          <li
            class="sidebar-item"
          >
            <a
              class="link"
              href="/tickets"
            >
              Ticket
            </a>
          </li>
        </ul>
        <button
          class="sign-out-side"
          type="button"
        >
          <span>
            Sign Out
          </span>
        </button>
      </nav>
    </div>
  </body>,
  "container": <div>
    <nav
      class="sidebar"
    >
      <div
        class="sidebar-header"
      />
      <ul
        class="sidebar-list"
      >
        <li
          class="sidebar-item"
        >
          <a
            class="link"
            href="/main"
          >
            AUTOMOBILES
          </a>
        </li>
        <li
          class="sidebar-item"
        >
          <a
            class="link"
            href="/add_automobile"
          >
            ADD AUTOMOBILE
          </a>
        </li>
        <li
          class="sidebar-item"
        >
          <a
            class="link"
            href="/automobiles/delete"
          >
            DELETE AUTOMOBILE
          </a>
        </li>
        <li
          class="sidebar-item"
        >
          <a
            class="link"
            href="/tickets"
          >
            Ticket
          </a>
        </li>
      </ul>
      <button
        class="sign-out-side"
        type="button"
      >
        <span>
          Sign Out
        </span>
      </button>
    </nav>
  </div>,
  "debug": [Function],
  "findAllByAltText": [Function],
  "findAllByDisplayValue": [Function],
  "findAllByLabelText": [Function],
  "findAllByPlaceholderText": [Function],
  "findAllByRole": [Function],
  "findAllByTestId": [Function],
  "findAllByText": [Function],
  "findAllByTitle": [Function],
  "findByAltText": [Function],
  "findByDisplayValue": [Function],
  "findByLabelText": [Function],
  "findByPlaceholderText": [Function],
  "findByRole": [Function],
  "findByTestId": [Function],
  "findByText": [Function],
  "findByTitle": [Function],
  "getAllByAltText": [Function],
  "getAllByDisplayValue": [Function],
  "getAllByLabelText": [Function],
  "getAllByPlaceholderText": [Function],
  "getAllByRole": [Function],
  "getAllByTestId": [Function],
  "getAllByText": [Function],
  "getAllByTitle": [Function],
  "getByAltText": [Function],
  "getByDisplayValue": [Function],
  "getByLabelText": [Function],
  "getByPlaceholderText": [Function],
  "getByRole": [Function],
  "getByTestId": [Function],
  "getByText": [Function],
  "getByTitle": [Function],
  "queryAllByAltText": [Function],
  "queryAllByDisplayValue": [Function],
  "queryAllByLabelText": [Function],
  "queryAllByPlaceholderText": [Function],
  "queryAllByRole": [Function],
  "queryAllByTestId": [Function],
  "queryAllByText": [Function],
  "queryAllByTitle": [Function],
  "queryByAltText": [Function],
  "queryByDisplayValue": [Function],
  "queryByLabelText": [Function],
  "queryByPlaceholderText": [Function],
  "queryByRole": [Function],
  "queryByTestId": [Function],
  "queryByText": [Function],
  "queryByTitle": [Function],
  "rerender": [Function],
  "unmount": [Function],
}
`;
